// Jest Snapshot v1, https://goo.gl/fbAQLP

exports[`User page index returns unauthorised if user is not logged in 1`] = `"Unauthorized"`;

exports[`User page index returns unauthorised if user token is not valid 1`] = `"Unauthorized"`;

exports[`User page index returns user page content if user is logged in 1`] = `
<html>
  <head>
    <link rel="stylesheet"
          type="text/css"
          href="styles/app.css"
    >
    <script>
      window.__INITIAL__DATA__ = {"displayName":"test-name"}
    </script>
  </head>
  <body>
    <div id="page-header">
      <strong>
        App Header
      </strong>
    </div>
    <div id="page-content">
      <div data-reactroot>
        <h1>
          User Page
        </h1>
        <p>
          Display name:
          test-name
        </p>
        <div>
          <span>
            0
            clicks
          </span>
          <button>
            Click!
          </button>
        </div>
      </div>
    </div>
    <script src="public/user.js">
    </script>
  </body>
</html>
`;
